// Jest Snapshot v1, https://goo.gl/fbAQLP

exports[`Render Build Library Snapshot 1`] = `
<div
  className="sc-gsTCUz bRqhmG"
>
  <div
    className="sc-dlfnbm"
  >
    <div
      className="sc-jSgupP cRtXmq"
    >
      <label
        htmlFor="User"
      >
        Usu√°rio: 
      </label>
      <input
        className="sc-eCssSg hyIYus"
        id="User"
        type="text"
      />
    </div>
    <div
      className="sc-jSgupP cRtXmq"
    >
      <label
        htmlFor="pass"
      >
        Senha:
      </label>
      <input
        className="sc-eCssSg hyIYus"
        id="pass"
        type="password"
      />
    </div>
    <button
      className="sc-hKgILt jEJLIv"
    >
      Login
    </button>
  </div>
</div>
`;
